30 25
0 -1
4
30 26
30 27
30 28
30 29
XXXXXXXXXXXXXXXXXXX----------XXXXXXXXXXXXXXXXXXX
XXXXXXXXXXXXXXXXXXX----------XXXXXXXXXXXXXXXXXXX
XXXXXXXXXXXXXXXXXXX----------XXXXXXXXXXXXXXXXXXX
XXXXXXXXXXXXXXXXXXX----------XXXXXXXXXXXXXXXXXXX
XXXXXXXXXXXXXXXXXXX----------XXXXXXXXXXXXXXXXXXX
XXXXXXXXXXXXXXXXXXX----------XXXXXXXXXXXXXXXXXXX
XXXXXXXXXXXXXXXXXXX----------XXXXXXXXXXXXXXXXXXX
XXXXXXXXXXXXXXXXXXX----------XXXXXXXXXXXXXXXXXXX
XXXXXXXXXXXXXXXXXXX----------XXXXXXXXXXXXXXXXXXX
XXXXXXXXXXXXXXXXXXX----------XXXXXXXXXXXXXXXXXXX
XXXXXXXXXXXXXXXXXXX----------XXXXXXXXXXXXXXXXXXX
XXXXXXXXXXXXXXXXXXX----------XXXXXXXXXXXXXXXXXXX
XXXXXXXXXXXXXXXXXXX----------XXXXXXXXXXXXXXXXXXX
XXXXXXXXXXXXXXXXXXX----------XXXXXXXXXXXXXXXXXXX
XXXXXXXXXXXXXXXXXXX----------XXXXXXXXXXXXXXXXXXX
XXXXXXXXXXXXXXXXXXX----------XXXXXXXXXXXXXXXXXXX
XXXXXXXXXXXXXXXXXXX----------XXXXXXXXXXXXXXXXXXX
XXXXXXXXXXXXXXXXXXX----------XXXXXXXXXXXXXXXXXXX
XXXXXXXXXXXXXXXXXXX----------XXXXXXXXXXXXXXXXXXX
XXXXXXXXXXXXXXXXXXX----------XXXXXXXXXXXXXXXXXXX
XXXXXXXXXXXXXXXXXXX----------XXXXXXXXXXXXXXXXXXX
XXXXXXXXXXXXXXXXXXX----------XXXXXXXXXXXXXXXXXXX
XXXXXXXXXXXXXXXXXXX----------XXXXXXXXXXXXXXXXXXX
XXXXXXXXXXXXXXXXXXX----------XXXXXXXXXXXXXXXXXXX
XXXXXXXXXXXXXXXXXXX----------XXXXXXXXXXXXXXXXXXX
XXXXXXXXXXXXXXXXXXX----------XXXXXXXXXXXXXXXXXXX
------------------------------------------------
------------------------------------------------
------------------------------------------------
------------------------------------------------
------------------------------------------------
------------------------------------------------
------------------------------------------------
------------------------------------------------
------------------------------------------------
XXXXXXXXXXXXXXXXXXX----------XXXXXXXXXXXXXXXXXXX
XXXXXXXXXXXXXXXXXXX----------XXXXXXXXXXXXXXXXXXX
XXXXXXXXXXXXXXXXXXX----------XXXXXXXXXXXXXXXXXXX
XXXXXXXXXXXXXXXXXXX----------XXXXXXXXXXXXXXXXXXX
XXXXXXXXXXXXXXXXXXX----------XXXXXXXXXXXXXXXXXXX
XXXXXXXXXXXXXXXXXXX----------XXXXXXXXXXXXXXXXXXX
XXXXXXXXXXXXXXXXXXX----------XXXXXXXXXXXXXXXXXXX
XXXXXXXXXXXXXXXXXXX----------XXXXXXXXXXXXXXXXXXX
XXXXXXXXXXXXXXXXXXX----------XXXXXXXXXXXXXXXXXXX
XXXXXXXXXXXXXXXXXXX----------XXXXXXXXXXXXXXXXXXX
XXXXXXXXXXXXXXXXXXX----------XXXXXXXXXXXXXXXXXXX
XXXXXXXXXXXXXXXXXXX----------XXXXXXXXXXXXXXXXXXX
XXXXXXXXXXXXXXXXXXX----------XXXXXXXXXXXXXXXXXXX
XXXXXXXXXXXXXXXXXXX----------XXXXXXXXXXXXXXXXXXX
XXXXXXXXXXXXXXXXXXX----------XXXXXXXXXXXXXXXXXXX
XXXXXXXXXXXXXXXXXXX----------XXXXXXXXXXXXXXXXXXX
XXXXXXXXXXXXXXXXXXX----------XXXXXXXXXXXXXXXXXXX
XXXXXXXXXXXXXXXXXXX----------XXXXXXXXXXXXXXXXXXX
XXXXXXXXXXXXXXXXXXX----------XXXXXXXXXXXXXXXXXXX
XXXXXXXXXXXXXXXXXXX----------XXXXXXXXXXXXXXXXXXX
XXXXXXXXXXXXXXXXXXX----------XXXXXXXXXXXXXXXXXXX
XXXXXXXXXXXXXXXXXXX----------XXXXXXXXXXXXXXXXXXX
XXXXXXXXXXXXXXXXXXX----------XXXXXXXXXXXXXXXXXXX
XXXXXXXXXXXXXXXXXXX----------XXXXXXXXXXXXXXXXXXX
XXXXXXXXXXXXXXXXXXX----------XXXXXXXXXXXXXXXXXXX
XXXXXXXXXXXXXXXXXXX----------XXXXXXXXXXXXXXXXXXX
XXXXXXXXXXXXXXXXXXX----------XXXXXXXXXXXXXXXXXXX
XXXXXXXXXXXXXXXXXXX----------XXXXXXXXXXXXXXXXXXX
XXXXXXXXXXXXXXXXXXX----------XXXXXXXXXXXXXXXXXXX
