38 30
1 0
16
38 27
32 15
15 12
5 21
4 33
15 46
30 37
23 23
23 12
31 4
49 11
56 26
59 43
53 44
37 43
31 39
 -----------------------------------------------
------------------------------------------------
------------------------------------------------
------------------------------------------------
------------------------------------------------
------------------------------------------------
------------------------------------------------
------------------------------------------------
------------------------------------------------
----------------------------------XXXX----------
-------------------------------X------XX--------
-----------------------------X---------X--------
----------------------------------------X-------
------------------------XX--------------X-------
---------------------------X--------------------
--------------------------X--------------X------
--------------------------X---------------------
---------------------------X--------------------
-------------------------X--X------------X------
------------------------X------X----X-----------
-----------------------X------------------X-----
------------------------------------------------
------------------------------------------X-----
----------------X-------------------------------
------------------------------------------X-----
------------------------------------------X-----
-----------X------------------------------------
------------------------------------------X-----
------------------------------------------------
------------------------------------------------
-------------------------------------------X----
------------------------------------------------
---------X--------------------------------------
-------------------------------------------X----
-------------------------------------------X----
-------------------------------------------X----
------------------------------------------------
---------------------X--------------------------
-------------------------------------------X----
-------------------------------------------X----
---------------------------------------XXXXX----
-------------------------------------------X----
-------------------------------------------X----
-------------------------------------------X----
--------------------------------------X----X----
--------------------------------------X----X----
--------------------------------------X----X----
----------------------X------X--------XXXXXX----
------------------------------------------------
------------------------------------------------
------------------------------------------------
---------------------X--------------------------
------------------------------------------------
------------------------------------------------
------------------------------------------------
------------------------------------------------
---------------X--------------------------------
------------------------------------------------
------------------------------------------------
------------------------------------------------
------------------------------------------------
------------------------------------------------
------------------------------------------------
------------------------------------------------
