0 0
1 0
96
0 0
0 0
0 0
0 0
0 0
0 0
0 0
0 0
22 31
22 34
23 36
23 37
23 38
23 38
23 38
23 39
23 40
23 41
23 42
23 42
23 42
23 42
23 42
23 42
23 42
23 42
23 42
23 42
23 42
23 42
23 42
23 42
23 42
23 42
23 42
23 42
23 42
23 42
23 42
23 42
23 42
23 42
23 42
23 42
23 42
23 42
23 42
23 42
23 42
23 42
23 42
24 42
36 15
37 14
37 14
37 14
37 14
37 14
37 14
37 14
37 14
37 14
37 14
37 14
37 14
37 14
37 14
37 14
37 14
37 14
37 14
37 14
37 14
37 14
37 14
37 14
37 14
37 14
37 14
37 14
37 14
37 14
37 14
37 14
37 14
37 14
37 14
37 14
37 14
37 14
37 14
37 14
37 14
37 14
37 14
37 14
 -----------------------------------------------
-----------------------------X--X-X-X-----------
---------------------------------------X--------
--------------------------X---------------------
------------------------X----------------X------
-----------------------X------------------------
----------------------X--------------------X----
---------------------X----------------------X---
------------------------------------------------
---------------------X--------------------------
------------------------------------------------
--------------------X---------------------------
------------------------------------------------
--------------------X---------------------------
------------------------------------------------
--------------------X---------------------------
------------------------------------------------
--------------------X---------------------------
------------------------------------------------
---------------------X--------------------------
---------------------X--------------------------
------------------------------------------------
------------------------------------------------
---------------------X--------------------------
---------------------X--------------------------
------------------------------------------------
------------------------------------------------
---------------------X--------------------------
---------------------X--------------------------
------------------------------------------------
---------------------X--------------------------
------------------------------------------------
----------------------X-------------------------
----------------------X-------------------------
------------------------------------------------
-----------------------X------------------------
------------------------------------------------
-----------------------X------------------------
------------------------------------------------
------------------------X-----------------------
------------------------------------------------
------------------------X-----------------------
------------------------X-----------------------
--------------------------------------X---------
-----------------------X------------XX----------
---------------------------------XXX------------
----------------------X-------XXX---------------
----------------------X----X-X------------------
-----------------------XX-X---------------------
------------------------------------------------
------------------------------------------------
------------------------------------------------
------------------------------------------------
------------------------------------------------
------------------------------------------------
------------------------------------------------
------------------------------------------------
------------------------------------------------
------------------------------------------------
------------------------------------------------
------------------------------------------------
------------------------------------------------
------------------------------------------------
------------------------------------------------
